// Jest Snapshot v1, https://goo.gl/fbAQLP

exports[`App component renders App 1`] = `
<BrowserRouter>
  <Route
    exact={true}
    path="/"
    render={[Function]}
  />
  <Route
    component={[Function]}
    path="/details/:charId"
  />
</BrowserRouter>
`;
